<?php return array (
  0 => 'Symfony\\Bundle\\FrameworkBundle\\Controller\\AbstractController',
  1 => 'Contao\\CoreBundle\\Controller\\AbstractFragmentController',
  2 => 'Contao\\CoreBundle\\Controller\\BackendController',
  3 => 'Contao\\CoreBundle\\Controller\\BackendCsvImportController',
  4 => 'Contao\\CoreBundle\\Controller\\ContentElement\\AbstractContentElementController',
  5 => 'Contao\\CoreBundle\\Controller\\FrontendController',
  6 => 'Contao\\CoreBundle\\Controller\\FrontendModule\\AbstractFrontendModuleController',
  7 => 'Contao\\CoreBundle\\Controller\\InitializeController',
  8 => 'Contao\\CoreBundle\\Controller\\InsertTagsController',
  9 => 'Contao\\InstallationBundle\\Controller\\InstallationController',
  10 => 'Doctrine\\Bundle\\DoctrineBundle\\Controller\\ProfilerController',
  11 => 'Nelmio\\SecurityBundle\\Controller\\ContentSecurityPolicyController',
  12 => 'Scheb\\TwoFactorBundle\\Controller\\FormController',
  14 => 'Symfony\\Bundle\\FrameworkBundle\\Controller\\Controller',
  15 => 'Symfony\\Bundle\\FrameworkBundle\\Controller\\ControllerNameParser',
  16 => 'Symfony\\Bundle\\FrameworkBundle\\Controller\\ControllerResolver',
  17 => 'Symfony\\Bundle\\FrameworkBundle\\Controller\\ControllerTrait',
  18 => 'Symfony\\Bundle\\FrameworkBundle\\Controller\\RedirectController',
  19 => 'Symfony\\Bundle\\FrameworkBundle\\Controller\\TemplateController',
  20 => 'Symfony\\Bundle\\TwigBundle\\Controller\\ExceptionController',
  21 => 'Symfony\\Bundle\\TwigBundle\\Controller\\PreviewErrorController',
  22 => 'Symfony\\Bundle\\WebProfilerBundle\\Controller\\ExceptionController',
  23 => 'Symfony\\Bundle\\WebProfilerBundle\\Controller\\ProfilerController',
  24 => 'Symfony\\Bundle\\WebProfilerBundle\\Controller\\RouterController',
  25 => 'Symfony\\Cmf\\Bundle\\RoutingBundle\\Controller\\RedirectController',
  26 => 'Symfony\\Component\\HttpKernel\\Controller\\ArgumentResolver',
  27 => 'Symfony\\Component\\HttpKernel\\Controller\\ArgumentResolverInterface',
  28 => 'Symfony\\Component\\HttpKernel\\Controller\\ArgumentResolver\\DefaultValueResolver',
  29 => 'Symfony\\Component\\HttpKernel\\Controller\\ArgumentResolver\\RequestAttributeValueResolver',
  30 => 'Symfony\\Component\\HttpKernel\\Controller\\ArgumentResolver\\RequestValueResolver',
  31 => 'Symfony\\Component\\HttpKernel\\Controller\\ArgumentResolver\\ServiceValueResolver',
  32 => 'Symfony\\Component\\HttpKernel\\Controller\\ArgumentResolver\\SessionValueResolver',
  33 => 'Symfony\\Component\\HttpKernel\\Controller\\ArgumentResolver\\TraceableValueResolver',
  34 => 'Symfony\\Component\\HttpKernel\\Controller\\ArgumentResolver\\VariadicValueResolver',
  35 => 'Symfony\\Component\\HttpKernel\\Controller\\ArgumentValueResolverInterface',
  36 => 'Symfony\\Component\\HttpKernel\\Controller\\ContainerControllerResolver',
  37 => 'Symfony\\Component\\HttpKernel\\Controller\\ControllerReference',
  38 => 'Symfony\\Component\\HttpKernel\\Controller\\ControllerResolver',
  39 => 'Symfony\\Component\\HttpKernel\\Controller\\ControllerResolverInterface',
  40 => 'Symfony\\Component\\HttpKernel\\Controller\\TraceableArgumentResolver',
  41 => 'Symfony\\Component\\HttpKernel\\Controller\\TraceableControllerResolver',
  42 => 'Symfony\\Component\\Security\\Http\\Controller\\UserValueResolver',
);